// Jest Snapshot v1, https://goo.gl/fbAQLP

exports[`renders homepage unchanged 1`] = `
<div>
  <div>
    <main
      class="mainHome__body main mx-auto"
    >
      <h1>
        welcome to next.js!
      </h1>
      <header
        class="w-full bd-navbar"
      >
        <div
          class="header__wrapper bd-gutter flex"
        >
          <div
            class="cursor-pointer text-white items-center flex"
          >
            <svg
              class="h-6 w-6 text-sky-600 ml-2 mt-1"
              fill="currentColor"
              viewBox="0 0 16 16"
              xmlns="http://www.w3.org/2000/svg"
            >
              <path
                d="M2 13.5V7h1v6.5a.5.5 0 0 0 .5.5h9a.5.5 0 0 0 .5-.5V7h1v6.5a1.5 1.5 0 0 1-1.5 1.5h-9A1.5 1.5 0 0 1 2 13.5zm11-11V6l-2-2V2.5a.5.5 0 0 1 .5-.5h1a.5.5 0 0 1 .5.5z"
                fill-rule="evenodd"
              />
              <path
                d="M7.293 1.5a1 1 0 0 1 1.414 0l6.647 6.646a.5.5 0 0 1-.708.708L8 2.207 1.354 8.854a.5.5 0 1 1-.708-.708L7.293 1.5z"
                fill-rule="evenodd"
              />
            </svg>
          </div>
          <div
            class="mx-auto relative search__wrapper"
          >
            <button
              class="DocSearch DocSearch-Button"
            >
              <span
                class="DocSearch-Button-Container"
              >
                <svg
                  class="DocSearch-Search-Icon"
                  height="20"
                  viewBox="0 0 20 20"
                  width="20"
                >
                  <path
                    d="M14.386 14.386l4.0877 4.0877-4.0877-4.0877c-2.9418 2.9419-7.7115 2.9419-10.6533 0-2.9419-2.9418-2.9419-7.7115 0-10.6533 2.9418-2.9419 7.7115-2.9419 10.6533 0 2.9419 2.9418 2.9419 7.7115 0 10.6533z"
                    fill="none"
                    fill-rule="evenodd"
                    stroke="currentColor"
                    stroke-linecap="round"
                    stroke-linejoin="round"
                  />
                </svg>
                <span
                  class="DocSearch-Button-Placeholder"
                >
                  Search
                </span>
              </span>
              <span
                class="DocSearch-Button-Keys"
              >
                <kbd
                  class="DocSearch-Button-Key"
                >
                  âŒ˜
                </kbd>
                <kbd
                  class="DocSearch-Button-Key"
                >
                  K
                </kbd>
              </span>
            </button>
          </div>
        </div>
      </header>
      <div
        class="a-center"
      >
        Loading...
      </div>
    </main>
  </div>
</div>
`;
